2026-07-06 10:35:33,992 INFO RetailDWGen gestartet.
2026-07-06 10:47:58,457 INFO RetailDWGen gestartet.
2026-07-06 10:47:58,457 INFO 50 Warengruppen erzeugt.
2026-07-06 10:50:50,880 INFO RetailDWGen gestartet.
2026-07-06 10:50:50,880 INFO 50 Warengruppen erzeugt.
2026-07-06 12:04:13,607 INFO Starte WarengruppenGenerator
2026-07-06 12:04:13,612 INFO 50 Warengruppen erzeugt.
2026-07-06 12:04:13,612 INFO WarengruppenGenerator beendet
2026-07-06 12:19:35,573 INFO Starte WarengruppenGenerator
2026-07-06 12:19:35,577 INFO 50 Warengruppen erzeugt.
2026-07-06 12:19:35,578 INFO WarengruppenGenerator beendet
2026-07-06 12:19:35,578 INFO Starte HerstellerGenerator
2026-07-06 12:19:35,579 INFO 10 Hersteller erzeugt.
2026-07-06 12:19:35,579 INFO HerstellerGenerator beendet
2026-07-06 13:47:56,272 INFO Starte WarengruppenGenerator
2026-07-06 13:47:56,284 INFO 50 Warengruppen erzeugt.
2026-07-06 13:47:56,284 INFO WarengruppenGenerator beendet
2026-07-06 13:47:56,284 INFO Starte HerstellerGenerator
2026-07-06 13:47:56,287 INFO 10 Hersteller erzeugt.
2026-07-06 13:47:56,287 INFO HerstellerGenerator beendet
2026-07-06 18:23:30,143 INFO Starte WarengruppenGenerator
2026-07-06 18:23:30,149 INFO 50 Warengruppen erzeugt.
2026-07-06 18:23:30,149 INFO WarengruppenGenerator beendet
2026-07-06 18:23:30,149 INFO Starte HerstellerGenerator
2026-07-06 18:23:30,151 INFO 10 Hersteller erzeugt.
2026-07-06 18:23:30,151 INFO HerstellerGenerator beendet
2026-07-06 18:32:43,049 INFO Starte WarengruppenGenerator
2026-07-06 18:32:43,055 INFO 50 Warengruppen erzeugt.
2026-07-06 18:32:43,056 INFO WarengruppenGenerator beendet
2026-07-06 18:32:43,056 INFO Starte HerstellerGenerator
2026-07-06 18:32:43,058 INFO 10 Hersteller erzeugt.
2026-07-06 18:32:43,058 INFO HerstellerGenerator beendet
2026-07-06 18:52:48,278 INFO Starte WarengruppenGenerator
2026-07-06 18:52:48,284 INFO 50 Warengruppen erzeugt.
2026-07-06 18:52:48,284 INFO WarengruppenGenerator beendet
2026-07-06 18:52:48,284 INFO Starte HerstellerGenerator
2026-07-06 18:52:48,286 INFO 10 Hersteller erzeugt.
2026-07-06 18:52:48,286 INFO HerstellerGenerator beendet
2026-07-06 18:52:48,286 INFO Starte LieferantenGenerator
2026-07-06 18:52:48,300 INFO 100 Lieferanten erzeugt.
2026-07-06 18:52:48,301 INFO LieferantenGenerator beendet
2026-07-06 19:03:14,337 INFO Starte WarengruppenGenerator
2026-07-06 19:03:14,341 INFO 50 Warengruppen erzeugt.
2026-07-06 19:03:14,341 INFO WarengruppenGenerator beendet
2026-07-06 19:03:14,341 INFO Starte HerstellerGenerator
2026-07-06 19:03:14,342 INFO 10 Hersteller erzeugt.
2026-07-06 19:03:14,342 INFO HerstellerGenerator beendet
2026-07-06 19:03:14,342 INFO Starte LieferantenGenerator
2026-07-06 19:03:14,356 INFO 100 Lieferanten erzeugt.
2026-07-06 19:03:14,357 INFO LieferantenGenerator beendet
2026-07-07 11:11:19,254 INFO Starte WarengruppenGenerator
2026-07-07 11:11:19,257 INFO 50 Warengruppen erzeugt.
2026-07-07 11:11:19,257 INFO WarengruppenGenerator beendet
2026-07-07 11:11:19,257 INFO Starte HerstellerGenerator
2026-07-07 11:11:19,258 INFO 10 Hersteller erzeugt.
2026-07-07 11:11:19,258 INFO HerstellerGenerator beendet
2026-07-07 11:11:19,258 INFO Starte LieferantenGenerator
2026-07-07 11:11:19,271 INFO 100 Lieferanten erzeugt.
2026-07-07 11:11:19,271 INFO LieferantenGenerator beendet
2026-07-07 11:11:19,271 INFO Starte KundenGenerator
2026-07-07 11:11:19,422 INFO 1000 Kunden erzeugt.
2026-07-07 11:11:19,423 INFO KundenGenerator beendet
2026-07-07 11:11:34,149 INFO Starte WarengruppenGenerator
2026-07-07 11:11:34,152 INFO 50 Warengruppen erzeugt.
2026-07-07 11:11:34,153 INFO WarengruppenGenerator beendet
2026-07-07 11:11:34,153 INFO Starte HerstellerGenerator
2026-07-07 11:11:34,153 INFO 10 Hersteller erzeugt.
2026-07-07 11:11:34,153 INFO HerstellerGenerator beendet
2026-07-07 11:11:34,154 INFO Starte LieferantenGenerator
2026-07-07 11:11:34,167 INFO 100 Lieferanten erzeugt.
2026-07-07 11:11:34,167 INFO LieferantenGenerator beendet
2026-07-07 11:11:34,167 INFO Starte KundenGenerator
2026-07-07 11:11:34,316 INFO 1000 Kunden erzeugt.
2026-07-07 11:11:34,317 INFO KundenGenerator beendet
2026-07-08 09:59:32,898 INFO Starte WarengruppenGenerator
2026-07-08 10:04:01,274 INFO Starte WarengruppenGenerator
2026-07-08 10:06:27,146 INFO Starte WarengruppenGenerator
2026-07-08 10:06:27,150 INFO 50 Warengruppen erzeugt.
2026-07-08 10:06:27,150 INFO WarengruppenGenerator beendet
2026-07-08 10:06:27,150 INFO Starte HerstellerGenerator
2026-07-08 10:08:35,983 INFO Starte WarengruppenGenerator
2026-07-08 10:08:35,989 INFO 50 Warengruppen erzeugt.
2026-07-08 10:08:35,989 INFO WarengruppenGenerator beendet
2026-07-08 10:08:35,989 INFO Starte HerstellerGenerator
2026-07-08 10:08:35,991 INFO 10 Hersteller erzeugt.
2026-07-08 10:08:35,991 INFO HerstellerGenerator beendet
2026-07-08 10:08:35,991 INFO Starte LieferantenGenerator
2026-07-08 10:08:36,006 INFO 100 Lieferanten erzeugt.
2026-07-08 10:08:36,006 INFO LieferantenGenerator beendet
2026-07-08 10:08:36,006 INFO Starte KundenGenerator
2026-07-08 10:08:36,145 INFO 1000 Kunden erzeugt.
2026-07-08 10:08:36,146 INFO KundenGenerator beendet
2026-07-08 10:08:36,146 INFO Starte MarkenGenerator
2026-07-08 10:08:36,149 INFO 41 Marken erzeugt.
2026-07-08 10:08:36,149 INFO MarkenGenerator beendet
2026-07-08 10:08:36,149 INFO Starte ArtikelGenerator
2026-07-08 10:08:36,897 INFO 10000 Artikel erzeugt.
2026-07-08 10:08:36,901 INFO ArtikelGenerator beendet
2026-07-08 10:22:11,665 INFO Starte WarengruppenGenerator
2026-07-08 10:22:11,670 INFO 50 Warengruppen erzeugt.
2026-07-08 10:22:11,670 INFO WarengruppenGenerator beendet
2026-07-08 10:22:11,670 INFO Starte HerstellerGenerator
2026-07-08 10:22:11,678 INFO 100 Hersteller erzeugt.
2026-07-08 10:22:11,678 INFO HerstellerGenerator beendet
2026-07-08 10:22:11,678 INFO Starte LieferantenGenerator
2026-07-08 10:22:11,688 INFO 100 Lieferanten erzeugt.
2026-07-08 10:22:11,689 INFO LieferantenGenerator beendet
2026-07-08 10:22:11,689 INFO Starte KundenGenerator
2026-07-08 10:22:11,847 INFO 1000 Kunden erzeugt.
2026-07-08 10:22:11,848 INFO KundenGenerator beendet
2026-07-08 10:22:11,848 INFO Starte MarkenGenerator
2026-07-08 10:22:11,882 WARNING Hersteller 'LEGO' nicht gefunden.
2026-07-08 10:22:11,883 WARNING Hersteller 'Playmobil' nicht gefunden.
2026-07-08 10:22:11,883 WARNING Hersteller 'Ravensburger' nicht gefunden.
2026-07-08 10:22:11,883 WARNING Hersteller 'Mattel' nicht gefunden.
2026-07-08 10:22:11,883 WARNING Hersteller 'Mattel' nicht gefunden.
2026-07-08 10:22:11,883 WARNING Hersteller 'Hasbro' nicht gefunden.
2026-07-08 10:22:11,883 WARNING Hersteller 'Hasbro' nicht gefunden.
2026-07-08 10:22:11,883 WARNING Hersteller 'Hasbro' nicht gefunden.
2026-07-08 10:22:11,883 WARNING Hersteller 'Kärcher' nicht gefunden.
2026-07-08 10:22:11,883 WARNING Hersteller 'Gardena' nicht gefunden.
2026-07-08 10:22:11,883 WARNING Hersteller 'Fiskars' nicht gefunden.
2026-07-08 10:22:11,883 INFO 98 Marken erzeugt.
2026-07-08 10:22:11,883 INFO MarkenGenerator beendet
2026-07-08 10:22:11,883 INFO Starte ArtikelGenerator
2026-07-08 10:22:12,242 INFO 10000 Artikel erzeugt.
2026-07-08 10:22:12,246 INFO ArtikelGenerator beendet
2026-07-08 10:45:59,689 INFO Starte WarengruppenGenerator
2026-07-08 10:45:59,694 INFO 50 Warengruppen erzeugt.
2026-07-08 10:45:59,694 INFO WarengruppenGenerator beendet
2026-07-08 10:45:59,694 INFO Starte HerstellerGenerator
2026-07-08 10:45:59,702 INFO 100 Hersteller erzeugt.
2026-07-08 10:45:59,702 INFO HerstellerGenerator beendet
2026-07-08 10:45:59,702 INFO Starte LieferantenGenerator
2026-07-08 10:45:59,713 INFO 100 Lieferanten erzeugt.
2026-07-08 10:45:59,713 INFO LieferantenGenerator beendet
2026-07-08 10:45:59,713 INFO Starte KundenGenerator
2026-07-08 10:45:59,859 INFO 1000 Kunden erzeugt.
2026-07-08 10:45:59,859 INFO KundenGenerator beendet
2026-07-08 10:45:59,859 INFO Starte MarkenGenerator
2026-07-08 10:45:59,891 WARNING Hersteller 'LEGO' nicht gefunden.
2026-07-08 10:45:59,891 WARNING Hersteller 'Playmobil' nicht gefunden.
2026-07-08 10:45:59,891 WARNING Hersteller 'Ravensburger' nicht gefunden.
2026-07-08 10:45:59,891 WARNING Hersteller 'Mattel' nicht gefunden.
2026-07-08 10:45:59,891 WARNING Hersteller 'Mattel' nicht gefunden.
2026-07-08 10:45:59,891 WARNING Hersteller 'Hasbro' nicht gefunden.
2026-07-08 10:45:59,891 WARNING Hersteller 'Hasbro' nicht gefunden.
2026-07-08 10:45:59,891 WARNING Hersteller 'Hasbro' nicht gefunden.
2026-07-08 10:45:59,891 WARNING Hersteller 'Kärcher' nicht gefunden.
2026-07-08 10:45:59,891 WARNING Hersteller 'Gardena' nicht gefunden.
2026-07-08 10:45:59,892 WARNING Hersteller 'Fiskars' nicht gefunden.
2026-07-08 10:45:59,892 INFO 98 Marken erzeugt.
2026-07-08 10:45:59,892 INFO MarkenGenerator beendet
2026-07-08 10:45:59,892 INFO Starte ArtikelGenerator
2026-07-08 10:46:00,244 INFO 10000 Artikel erzeugt.
2026-07-08 10:46:00,248 INFO ArtikelGenerator beendet
2026-07-08 11:38:49,515 INFO Starte WarengruppenGenerator
2026-07-08 11:38:49,518 INFO 50 Warengruppen erzeugt.
2026-07-08 11:38:49,518 INFO WarengruppenGenerator beendet
2026-07-08 11:38:49,518 INFO Starte HerstellerGenerator
2026-07-08 11:38:49,529 INFO 100 Hersteller erzeugt.
2026-07-08 11:38:49,529 INFO HerstellerGenerator beendet
2026-07-08 11:38:49,529 INFO Starte LieferantenGenerator
2026-07-08 11:38:49,540 INFO 100 Lieferanten erzeugt.
2026-07-08 11:38:49,540 INFO LieferantenGenerator beendet
2026-07-08 11:38:49,540 INFO Starte KundenGenerator
2026-07-08 11:38:49,669 INFO 1000 Kunden erzeugt.
2026-07-08 11:38:49,670 INFO KundenGenerator beendet
2026-07-08 11:38:49,670 INFO Starte MarkenGenerator
2026-07-08 11:38:49,695 WARNING Hersteller 'LEGO' nicht gefunden.
2026-07-08 11:38:49,695 WARNING Hersteller 'Playmobil' nicht gefunden.
2026-07-08 11:38:49,695 WARNING Hersteller 'Ravensburger' nicht gefunden.
2026-07-08 11:38:49,695 WARNING Hersteller 'Mattel' nicht gefunden.
2026-07-08 11:38:49,695 WARNING Hersteller 'Mattel' nicht gefunden.
2026-07-08 11:38:49,695 WARNING Hersteller 'Hasbro' nicht gefunden.
2026-07-08 11:38:49,695 WARNING Hersteller 'Hasbro' nicht gefunden.
2026-07-08 11:38:49,695 WARNING Hersteller 'Hasbro' nicht gefunden.
2026-07-08 11:38:49,695 WARNING Hersteller 'Kärcher' nicht gefunden.
2026-07-08 11:38:49,695 WARNING Hersteller 'Gardena' nicht gefunden.
2026-07-08 11:38:49,695 WARNING Hersteller 'Fiskars' nicht gefunden.
2026-07-08 11:38:49,696 INFO 98 Marken erzeugt.
2026-07-08 11:38:49,696 INFO MarkenGenerator beendet
2026-07-08 11:38:49,696 INFO Starte ArtikelGenerator
2026-07-08 11:38:49,990 INFO 10000 Artikel erzeugt.
2026-07-08 11:38:49,993 INFO ArtikelGenerator beendet
2026-07-08 13:34:47,638 INFO Starte WarengruppenGenerator
2026-07-08 13:34:47,642 INFO 50 Warengruppen erzeugt.
2026-07-08 13:34:47,642 INFO WarengruppenGenerator beendet
2026-07-08 13:34:47,642 INFO Starte HerstellerGenerator
2026-07-08 13:34:47,653 INFO 100 Hersteller erzeugt.
2026-07-08 13:34:47,653 INFO HerstellerGenerator beendet
2026-07-08 13:34:47,653 INFO Starte LieferantenGenerator
2026-07-08 13:34:47,667 INFO 100 Lieferanten erzeugt.
2026-07-08 13:34:47,667 INFO LieferantenGenerator beendet
2026-07-08 13:34:47,667 INFO Starte KundenGenerator
2026-07-08 13:34:47,928 INFO 1000 Kunden erzeugt.
2026-07-08 13:34:47,929 INFO KundenGenerator beendet
2026-07-08 13:34:47,929 INFO Starte MarkenGenerator
2026-07-08 13:34:47,962 WARNING Hersteller 'LEGO' nicht gefunden.
2026-07-08 13:34:47,962 WARNING Hersteller 'Playmobil' nicht gefunden.
2026-07-08 13:34:47,962 WARNING Hersteller 'Ravensburger' nicht gefunden.
2026-07-08 13:34:47,962 WARNING Hersteller 'Mattel' nicht gefunden.
2026-07-08 13:34:47,962 WARNING Hersteller 'Mattel' nicht gefunden.
2026-07-08 13:34:47,963 WARNING Hersteller 'Hasbro' nicht gefunden.
2026-07-08 13:34:47,963 WARNING Hersteller 'Hasbro' nicht gefunden.
2026-07-08 13:34:47,963 WARNING Hersteller 'Hasbro' nicht gefunden.
2026-07-08 13:34:47,963 WARNING Hersteller 'Kärcher' nicht gefunden.
2026-07-08 13:34:47,963 WARNING Hersteller 'Gardena' nicht gefunden.
2026-07-08 13:34:47,963 WARNING Hersteller 'Fiskars' nicht gefunden.
2026-07-08 13:34:47,963 INFO 98 Marken erzeugt.
2026-07-08 13:34:47,963 INFO MarkenGenerator beendet
2026-07-08 13:34:47,964 INFO Starte ArtikelGenerator
2026-07-08 13:34:48,397 INFO 10000 Artikel erzeugt.
2026-07-08 13:34:48,400 INFO ArtikelGenerator beendet
2026-07-08 13:55:21,598 INFO Starte WarengruppenGenerator
2026-07-08 13:55:21,606 INFO 50 Warengruppen erzeugt.
2026-07-08 13:55:21,606 INFO WarengruppenGenerator beendet
2026-07-08 13:55:21,606 INFO Starte HerstellerGenerator
2026-07-08 13:55:21,620 INFO 100 Hersteller erzeugt.
2026-07-08 13:55:21,620 INFO HerstellerGenerator beendet
2026-07-08 13:55:21,620 INFO Starte LieferantenGenerator
2026-07-08 13:55:21,634 INFO 100 Lieferanten erzeugt.
2026-07-08 13:55:21,634 INFO LieferantenGenerator beendet
2026-07-08 13:55:21,634 INFO Starte KundenGenerator
2026-07-08 13:55:21,784 INFO 1000 Kunden erzeugt.
2026-07-08 13:55:21,785 INFO KundenGenerator beendet
2026-07-08 13:55:21,785 INFO Starte MarkenGenerator
2026-07-08 13:55:21,814 WARNING Hersteller 'LEGO' nicht gefunden.
2026-07-08 13:55:21,814 WARNING Hersteller 'Playmobil' nicht gefunden.
2026-07-08 13:55:21,814 WARNING Hersteller 'Ravensburger' nicht gefunden.
2026-07-08 13:55:21,815 WARNING Hersteller 'Mattel' nicht gefunden.
2026-07-08 13:55:21,815 WARNING Hersteller 'Mattel' nicht gefunden.
2026-07-08 13:55:21,815 WARNING Hersteller 'Hasbro' nicht gefunden.
2026-07-08 13:55:21,815 WARNING Hersteller 'Hasbro' nicht gefunden.
2026-07-08 13:55:21,815 WARNING Hersteller 'Hasbro' nicht gefunden.
2026-07-08 13:55:21,815 WARNING Hersteller 'Kärcher' nicht gefunden.
2026-07-08 13:55:21,815 WARNING Hersteller 'Gardena' nicht gefunden.
2026-07-08 13:55:21,815 WARNING Hersteller 'Fiskars' nicht gefunden.
2026-07-08 13:55:21,815 INFO 98 Marken erzeugt.
2026-07-08 13:55:21,815 INFO MarkenGenerator beendet
2026-07-08 13:55:21,815 INFO Starte ArtikelGenerator
2026-07-08 13:55:22,163 INFO 10000 Artikel erzeugt.
2026-07-08 13:55:22,166 INFO ArtikelGenerator beendet
2026-07-08 13:58:00,031 INFO Starte WarengruppenGenerator
2026-07-08 13:58:00,039 INFO 50 Warengruppen erzeugt.
2026-07-08 13:58:00,039 INFO WarengruppenGenerator beendet
2026-07-08 13:58:00,039 INFO Starte HerstellerGenerator
2026-07-08 13:58:00,049 INFO 100 Hersteller erzeugt.
2026-07-08 13:58:00,049 INFO HerstellerGenerator beendet
2026-07-08 13:58:00,049 INFO Starte LieferantenGenerator
2026-07-08 13:58:00,062 INFO 100 Lieferanten erzeugt.
2026-07-08 13:58:00,062 INFO LieferantenGenerator beendet
2026-07-08 13:58:00,062 INFO Starte KundenGenerator
2026-07-08 13:58:00,217 INFO 1000 Kunden erzeugt.
2026-07-08 13:58:00,217 INFO KundenGenerator beendet
2026-07-08 13:58:00,218 INFO Starte MarkenGenerator
2026-07-08 13:58:00,248 WARNING Hersteller 'LEGO' nicht gefunden.
2026-07-08 13:58:00,248 WARNING Hersteller 'Playmobil' nicht gefunden.
2026-07-08 13:58:00,248 WARNING Hersteller 'Ravensburger' nicht gefunden.
2026-07-08 13:58:00,248 WARNING Hersteller 'Mattel' nicht gefunden.
2026-07-08 13:58:00,248 WARNING Hersteller 'Mattel' nicht gefunden.
2026-07-08 13:58:00,248 WARNING Hersteller 'Hasbro' nicht gefunden.
2026-07-08 13:58:00,248 WARNING Hersteller 'Hasbro' nicht gefunden.
2026-07-08 13:58:00,248 WARNING Hersteller 'Hasbro' nicht gefunden.
2026-07-08 13:58:00,248 WARNING Hersteller 'Kärcher' nicht gefunden.
2026-07-08 13:58:00,248 WARNING Hersteller 'Gardena' nicht gefunden.
2026-07-08 13:58:00,248 WARNING Hersteller 'Fiskars' nicht gefunden.
2026-07-08 13:58:00,248 INFO 98 Marken erzeugt.
2026-07-08 13:58:00,248 INFO MarkenGenerator beendet
2026-07-08 13:58:00,248 INFO Starte ArtikelGenerator
2026-07-08 13:58:00,579 INFO 10000 Artikel erzeugt.
2026-07-08 13:58:00,582 INFO ArtikelGenerator beendet
2026-07-08 13:58:00,583 INFO Starte OrganisationGenerator
2026-07-08 13:58:00,620 INFO 56 Organisationseinheiten erzeugt.
2026-07-08 13:58:00,620 INFO OrganisationGenerator beendet
2026-07-08 14:16:25,848 INFO Starte WarengruppenGenerator
2026-07-08 14:16:25,854 INFO 20 Warengruppen erzeugt.
2026-07-08 14:16:25,854 INFO WarengruppenGenerator beendet
2026-07-08 14:16:25,854 INFO Starte HerstellerGenerator
2026-07-08 14:16:25,862 INFO 100 Hersteller erzeugt.
2026-07-08 14:16:25,862 INFO HerstellerGenerator beendet
2026-07-08 14:16:25,862 INFO Starte LieferantenGenerator
2026-07-08 14:16:25,874 INFO 100 Lieferanten erzeugt.
2026-07-08 14:16:25,874 INFO LieferantenGenerator beendet
2026-07-08 14:16:25,874 INFO Starte KundenGenerator
2026-07-08 14:16:26,021 INFO 1000 Kunden erzeugt.
2026-07-08 14:16:26,022 INFO KundenGenerator beendet
2026-07-08 14:16:26,022 INFO Starte MarkenGenerator
2026-07-08 14:16:26,053 WARNING Hersteller 'LEGO' nicht gefunden.
2026-07-08 14:16:26,053 WARNING Hersteller 'Playmobil' nicht gefunden.
2026-07-08 14:16:26,053 WARNING Hersteller 'Ravensburger' nicht gefunden.
2026-07-08 14:16:26,053 WARNING Hersteller 'Mattel' nicht gefunden.
2026-07-08 14:16:26,053 WARNING Hersteller 'Mattel' nicht gefunden.
2026-07-08 14:16:26,053 WARNING Hersteller 'Hasbro' nicht gefunden.
2026-07-08 14:16:26,053 WARNING Hersteller 'Hasbro' nicht gefunden.
2026-07-08 14:16:26,053 WARNING Hersteller 'Hasbro' nicht gefunden.
2026-07-08 14:16:26,053 WARNING Hersteller 'Kärcher' nicht gefunden.
2026-07-08 14:16:26,053 WARNING Hersteller 'Gardena' nicht gefunden.
2026-07-08 14:16:26,053 WARNING Hersteller 'Fiskars' nicht gefunden.
2026-07-08 14:16:26,054 INFO 98 Marken erzeugt.
2026-07-08 14:16:26,054 INFO MarkenGenerator beendet
2026-07-08 14:16:26,054 INFO Starte ArtikelGenerator
2026-07-08 14:16:26,434 INFO 10000 Artikel erzeugt.
2026-07-08 14:16:26,438 INFO ArtikelGenerator beendet
2026-07-08 14:16:26,438 INFO Starte OrganisationGenerator
2026-07-08 14:25:44,024 INFO Starte WarengruppenGenerator
2026-07-08 14:25:44,031 INFO 20 Warengruppen erzeugt.
2026-07-08 14:25:44,031 INFO WarengruppenGenerator beendet
2026-07-08 14:25:44,031 INFO Starte HerstellerGenerator
2026-07-08 14:25:44,043 INFO 100 Hersteller erzeugt.
2026-07-08 14:25:44,044 INFO HerstellerGenerator beendet
2026-07-08 14:25:44,044 INFO Starte LieferantenGenerator
2026-07-08 14:25:44,057 INFO 100 Lieferanten erzeugt.
2026-07-08 14:25:44,057 INFO LieferantenGenerator beendet
2026-07-08 14:25:44,057 INFO Starte KundenGenerator
2026-07-08 14:25:44,208 INFO 1000 Kunden erzeugt.
2026-07-08 14:25:44,208 INFO KundenGenerator beendet
2026-07-08 14:25:44,208 INFO Starte MarkenGenerator
2026-07-08 14:25:44,239 WARNING Hersteller 'LEGO' nicht gefunden.
2026-07-08 14:25:44,239 WARNING Hersteller 'Playmobil' nicht gefunden.
2026-07-08 14:25:44,239 WARNING Hersteller 'Ravensburger' nicht gefunden.
2026-07-08 14:25:44,239 WARNING Hersteller 'Mattel' nicht gefunden.
2026-07-08 14:25:44,239 WARNING Hersteller 'Mattel' nicht gefunden.
2026-07-08 14:25:44,239 WARNING Hersteller 'Hasbro' nicht gefunden.
2026-07-08 14:25:44,239 WARNING Hersteller 'Hasbro' nicht gefunden.
2026-07-08 14:25:44,239 WARNING Hersteller 'Hasbro' nicht gefunden.
2026-07-08 14:25:44,239 WARNING Hersteller 'Kärcher' nicht gefunden.
2026-07-08 14:25:44,239 WARNING Hersteller 'Gardena' nicht gefunden.
2026-07-08 14:25:44,239 WARNING Hersteller 'Fiskars' nicht gefunden.
2026-07-08 14:25:44,239 INFO 98 Marken erzeugt.
2026-07-08 14:25:44,239 INFO MarkenGenerator beendet
2026-07-08 14:25:44,239 INFO Starte ArtikelGenerator
2026-07-08 14:25:44,608 INFO 10000 Artikel erzeugt.
2026-07-08 14:25:44,610 INFO ArtikelGenerator beendet
2026-07-08 14:25:44,610 INFO Starte OrganisationGenerator
2026-07-08 14:25:44,648 INFO 96 Organisationseinheiten erzeugt.
2026-07-08 14:25:44,649 INFO OrganisationGenerator beendet
2026-07-08 15:15:35,565 INFO Starte WarengruppenGenerator
2026-07-08 15:15:35,571 INFO 20 Warengruppen erzeugt.
2026-07-08 15:15:35,571 INFO WarengruppenGenerator beendet
2026-07-08 15:15:35,571 INFO Starte HerstellerGenerator
2026-07-08 15:15:35,583 INFO 100 Hersteller erzeugt.
2026-07-08 15:15:35,583 INFO HerstellerGenerator beendet
2026-07-08 15:15:35,583 INFO Starte LieferantenGenerator
2026-07-08 15:15:35,594 INFO 100 Lieferanten erzeugt.
2026-07-08 15:15:35,594 INFO LieferantenGenerator beendet
2026-07-08 15:15:35,594 INFO Starte KundenGenerator
2026-07-08 15:15:35,742 INFO 1000 Kunden erzeugt.
2026-07-08 15:15:35,742 INFO KundenGenerator beendet
2026-07-08 15:15:35,742 INFO Starte MarkenGenerator
2026-07-08 15:15:35,772 WARNING Hersteller 'LEGO' nicht gefunden.
2026-07-08 15:15:35,772 WARNING Hersteller 'Playmobil' nicht gefunden.
2026-07-08 15:15:35,772 WARNING Hersteller 'Ravensburger' nicht gefunden.
2026-07-08 15:15:35,772 WARNING Hersteller 'Mattel' nicht gefunden.
2026-07-08 15:15:35,772 WARNING Hersteller 'Mattel' nicht gefunden.
2026-07-08 15:15:35,772 WARNING Hersteller 'Hasbro' nicht gefunden.
2026-07-08 15:15:35,772 WARNING Hersteller 'Hasbro' nicht gefunden.
2026-07-08 15:15:35,772 WARNING Hersteller 'Hasbro' nicht gefunden.
2026-07-08 15:15:35,772 WARNING Hersteller 'Kärcher' nicht gefunden.
2026-07-08 15:15:35,772 WARNING Hersteller 'Gardena' nicht gefunden.
2026-07-08 15:15:35,772 WARNING Hersteller 'Fiskars' nicht gefunden.
2026-07-08 15:15:35,772 INFO 98 Marken erzeugt.
2026-07-08 15:15:35,772 INFO MarkenGenerator beendet
2026-07-08 15:15:35,772 INFO Starte ArtikelGenerator
2026-07-08 15:15:36,126 INFO 10000 Artikel erzeugt.
2026-07-08 15:15:36,129 INFO ArtikelGenerator beendet
2026-07-08 15:15:36,129 INFO Starte OrganisationGenerator
2026-07-08 15:15:36,165 INFO 96 Organisationseinheiten erzeugt.
2026-07-08 15:15:36,165 INFO OrganisationGenerator beendet
2026-07-08 15:22:19,212 INFO Starte WarengruppenGenerator
2026-07-08 15:22:19,217 INFO 20 Warengruppen erzeugt.
2026-07-08 15:22:19,218 INFO WarengruppenGenerator beendet
2026-07-08 15:22:19,218 INFO Starte HerstellerGenerator
2026-07-08 15:22:19,225 INFO 100 Hersteller erzeugt.
2026-07-08 15:22:19,225 INFO HerstellerGenerator beendet
2026-07-08 15:22:19,225 INFO Starte LieferantenGenerator
2026-07-08 15:22:19,243 INFO 100 Lieferanten erzeugt.
2026-07-08 15:22:19,243 INFO LieferantenGenerator beendet
2026-07-08 15:22:19,243 INFO Starte KundenGenerator
2026-07-08 15:22:19,393 INFO 1000 Kunden erzeugt.
2026-07-08 15:22:19,393 INFO KundenGenerator beendet
2026-07-08 15:22:19,393 INFO Starte MarkenGenerator
2026-07-08 15:22:19,420 WARNING Hersteller 'LEGO' nicht gefunden.
2026-07-08 15:22:19,421 WARNING Hersteller 'Playmobil' nicht gefunden.
2026-07-08 15:22:19,421 WARNING Hersteller 'Ravensburger' nicht gefunden.
2026-07-08 15:22:19,421 WARNING Hersteller 'Mattel' nicht gefunden.
2026-07-08 15:22:19,421 WARNING Hersteller 'Mattel' nicht gefunden.
2026-07-08 15:22:19,421 WARNING Hersteller 'Hasbro' nicht gefunden.
2026-07-08 15:22:19,421 WARNING Hersteller 'Hasbro' nicht gefunden.
2026-07-08 15:22:19,421 WARNING Hersteller 'Hasbro' nicht gefunden.
2026-07-08 15:22:19,421 WARNING Hersteller 'Kärcher' nicht gefunden.
2026-07-08 15:22:19,421 WARNING Hersteller 'Gardena' nicht gefunden.
2026-07-08 15:22:19,421 WARNING Hersteller 'Fiskars' nicht gefunden.
2026-07-08 15:22:19,422 INFO 98 Marken erzeugt.
2026-07-08 15:22:19,422 INFO MarkenGenerator beendet
2026-07-08 15:22:19,422 INFO Starte ArtikelGenerator
2026-07-08 15:22:19,774 INFO 10000 Artikel erzeugt.
2026-07-08 15:22:19,777 INFO ArtikelGenerator beendet
2026-07-08 15:22:19,777 INFO Starte OrganisationGenerator
2026-07-08 15:22:19,820 INFO 96 Organisationseinheiten erzeugt.
2026-07-08 15:22:19,821 INFO OrganisationGenerator beendet
2026-07-08 20:51:25,300 INFO Starte WarengruppenGenerator
2026-07-08 20:51:25,308 INFO 20 Warengruppen erzeugt.
2026-07-08 20:51:25,308 INFO WarengruppenGenerator beendet
2026-07-08 20:51:25,308 INFO Starte HerstellerGenerator
2026-07-08 20:51:25,315 INFO 100 Hersteller erzeugt.
2026-07-08 20:51:25,315 INFO HerstellerGenerator beendet
2026-07-08 20:51:25,316 INFO Starte LieferantenGenerator
2026-07-08 20:51:25,331 INFO 100 Lieferanten erzeugt.
2026-07-08 20:51:25,332 INFO LieferantenGenerator beendet
2026-07-08 20:51:25,332 INFO Starte KundenGenerator
2026-07-08 20:51:25,481 INFO 1000 Kunden erzeugt.
2026-07-08 20:51:25,481 INFO KundenGenerator beendet
2026-07-08 20:51:25,481 INFO Starte MarkenGenerator
2026-07-08 20:51:25,510 WARNING Hersteller 'LEGO' nicht gefunden.
2026-07-08 20:51:25,510 WARNING Hersteller 'Playmobil' nicht gefunden.
2026-07-08 20:51:25,510 WARNING Hersteller 'Ravensburger' nicht gefunden.
2026-07-08 20:51:25,510 WARNING Hersteller 'Mattel' nicht gefunden.
2026-07-08 20:51:25,510 WARNING Hersteller 'Mattel' nicht gefunden.
2026-07-08 20:51:25,511 WARNING Hersteller 'Hasbro' nicht gefunden.
2026-07-08 20:51:25,511 WARNING Hersteller 'Hasbro' nicht gefunden.
2026-07-08 20:51:25,511 WARNING Hersteller 'Hasbro' nicht gefunden.
2026-07-08 20:51:25,511 WARNING Hersteller 'Kärcher' nicht gefunden.
2026-07-08 20:51:25,511 WARNING Hersteller 'Gardena' nicht gefunden.
2026-07-08 20:51:25,511 WARNING Hersteller 'Fiskars' nicht gefunden.
2026-07-08 20:51:25,511 INFO 98 Marken erzeugt.
2026-07-08 20:51:25,511 INFO MarkenGenerator beendet
2026-07-08 20:51:25,511 INFO Starte ArtikelGenerator
2026-07-08 20:51:25,842 INFO 10000 Artikel erzeugt.
2026-07-08 20:51:25,846 INFO ArtikelGenerator beendet
2026-07-08 20:51:25,847 INFO Starte OrganisationGenerator
2026-07-08 20:51:25,881 INFO 96 Organisationseinheiten erzeugt.
2026-07-08 20:51:25,881 INFO OrganisationGenerator beendet
2026-07-08 20:51:25,881 INFO Starte SaisonkalenderGenerator
2026-07-08 20:51:25,888 INFO 14 Saisons erzeugt.
2026-07-08 20:51:25,888 INFO SaisonkalenderGenerator beendet
2026-07-08 20:51:25,888 INFO Starte RegaleGenerator
2026-07-08 20:51:25,902 INFO 11 Regale erzeugt.
2026-07-08 20:51:25,902 INFO RegaleGenerator beendet
2026-07-08 20:51:25,902 INFO Starte RegalplaetzeGenerator
2026-07-08 20:51:25,939 INFO 1625 Regalplätze erzeugt.
2026-07-08 20:51:25,939 INFO RegalplaetzeGenerator beendet
2026-07-08 20:51:25,939 INFO Starte KostenstellenGenerator
2026-07-08 20:51:25,942 INFO 9 Kostenstellen erzeugt.
2026-07-08 20:51:25,943 INFO KostenstellenGenerator beendet
2026-07-08 20:51:25,943 INFO Starte KostenartenGenerator
2026-07-08 20:51:25,954 INFO 22 Kostenarten erzeugt.
2026-07-08 20:51:25,954 INFO KostenartenGenerator beendet
